../Core/Src/main.c:172:6:HAL_GPIO_EXTI_Callback	17
../Core/Src/main.c:340:6:HAL_IncTick	6
../Core/Src/main.c:366:6:HAL_ADC_ConvCpltCallback	6
../Core/Src/main.c:398:6:dust_sensor	7
../Core/Src/main.c:437:6:trigger	7
../Core/Src/main.c:473:6:trigger_back	7
../Core/Src/main.c:508:6:crash_PWM	13
../Core/Src/main.c:533:6:scan	23
../Core/Src/main.c:651:6:move_forward	1
../Core/Src/main.c:663:6:move_backward	1
../Core/Src/main.c:675:6:stop	1
../Core/Src/main.c:688:6:turn_around	3
../Core/Src/main.c:725:6:turn_right	3
../Core/Src/main.c:763:6:turn_left	3
../Core/Src/main.c:800:6:small_turn_left	2
../Core/Src/main.c:826:6:small_turn_right	2
../Core/Src/main.c:850:6:ir_turn_around	1
../Core/Src/main.c:862:6:charge	31
../Core/Src/main.c:1061:6:distance_data	13
../Core/Src/main.c:1171:6:distance_data_back	3
../Core/Src/main.c:1192:5:main	21
../Core/Src/main.c:1307:6:SystemClock_Config	3
../Core/Src/main.c:1349:13:MX_ADC1_Init	3
../Core/Src/main.c:1401:13:MX_TIM1_Init	8
../Core/Src/main.c:1480:13:MX_TIM2_Init	4
../Core/Src/main.c:1525:13:MX_TIM3_Init	6
../Core/Src/main.c:1584:13:MX_GPIO_Init	1
../Core/Src/main.c:1666:6:Error_Handler	1
