../Core/Src/main.c:172:6:HAL_GPIO_EXTI_Callback	40	static
../Core/Src/main.c:340:6:HAL_IncTick	8	static
../Core/Src/main.c:366:6:HAL_ADC_ConvCpltCallback	16	static
../Core/Src/main.c:398:6:dust_sensor	16	static
../Core/Src/main.c:437:6:trigger	8	static
../Core/Src/main.c:473:6:trigger_back	8	static
../Core/Src/main.c:508:6:crash_PWM	4	static
../Core/Src/main.c:533:6:scan	4	static
../Core/Src/main.c:651:6:move_forward	8	static
../Core/Src/main.c:663:6:move_backward	8	static
../Core/Src/main.c:675:6:stop	8	static
../Core/Src/main.c:688:6:turn_around	8	static
../Core/Src/main.c:725:6:turn_right	8	static
../Core/Src/main.c:763:6:turn_left	8	static
../Core/Src/main.c:800:6:small_turn_left	8	static
../Core/Src/main.c:826:6:small_turn_right	8	static
../Core/Src/main.c:850:6:ir_turn_around	8	static
../Core/Src/main.c:862:6:charge	8	static
../Core/Src/main.c:1061:6:distance_data	4	static
../Core/Src/main.c:1171:6:distance_data_back	4	static
../Core/Src/main.c:1192:5:main	16	static
../Core/Src/main.c:1307:6:SystemClock_Config	88	static
../Core/Src/main.c:1349:13:MX_ADC1_Init	24	static
../Core/Src/main.c:1401:13:MX_TIM1_Init	96	static
../Core/Src/main.c:1480:13:MX_TIM2_Init	32	static
../Core/Src/main.c:1525:13:MX_TIM3_Init	64	static
../Core/Src/main.c:1584:13:MX_GPIO_Init	40	static
../Core/Src/main.c:1666:6:Error_Handler	4	static,ignoring_inline_asm
