Archive member included to satisfy reference by file (symbol)

C:/ST/STM32CubeIDE_1.17.0/STM32CubeIDE/plugins/com.st.stm32cube.ide.mcu.externaltools.gnu-tools-for-stm32.12.3.rel1.win32_1.1.0.202410251130/tools/bin/../lib/gcc/arm-none-eabi/12.3.1/../../../../arm-none-eabi/lib/thumb/v7e-m+fp/hard\libc_nano.a(libc_a-exit.o)
                              C:/ST/STM32CubeIDE_1.17.0/STM32CubeIDE/plugins/com.st.stm32cube.ide.mcu.externaltools.gnu-tools-for-stm32.12.3.rel1.win32_1.1.0.202410251130/tools/bin/../lib/gcc/arm-none-eabi/12.3.1/../../../../arm-none-eabi/lib/thumb/v7e-m+fp/hard/crt0.o (exit)
C:/ST/STM32CubeIDE_1.17.0/STM32CubeIDE/plugins/com.st.stm32cube.ide.mcu.externaltools.gnu-tools-for-stm32.12.3.rel1.win32_1.1.0.202410251130/tools/bin/../lib/gcc/arm-none-eabi/12.3.1/../../../../arm-none-eabi/lib/thumb/v7e-m+fp/hard\libc_nano.a(libc_a-findfp.o)
                              C:/ST/STM32CubeIDE_1.17.0/STM32CubeIDE/plugins/com.st.stm32cube.ide.mcu.externaltools.gnu-tools-for-stm32.12.3.rel1.win32_1.1.0.202410251130/tools/bin/../lib/gcc/arm-none-eabi/12.3.1/../../../../arm-none-eabi/lib/thumb/v7e-m+fp/hard\libc_nano.a(libc_a-exit.o) (__stdio_exit_handler)
C:/ST/STM32CubeIDE_1.17.0/STM32CubeIDE/plugins/com.st.stm32cube.ide.mcu.externaltools.gnu-tools-for-stm32.12.3.rel1.win32_1.1.0.202410251130/tools/bin/../lib/gcc/arm-none-eabi/12.3.1/../../../../arm-none-eabi/lib/thumb/v7e-m+fp/hard\libc_nano.a(libc_a-fwalk.o)
                              C:/ST/STM32CubeIDE_1.17.0/STM32CubeIDE/plugins/com.st.stm32cube.ide.mcu.externaltools.gnu-tools-for-stm32.12.3.rel1.win32_1.1.0.202410251130/tools/bin/../lib/gcc/arm-none-eabi/12.3.1/../../../../arm-none-eabi/lib/thumb/v7e-m+fp/hard\libc_nano.a(libc_a-findfp.o) (_fwalk_sglue)
C:/ST/STM32CubeIDE_1.17.0/STM32CubeIDE/plugins/com.st.stm32cube.ide.mcu.externaltools.gnu-tools-for-stm32.12.3.rel1.win32_1.1.0.202410251130/tools/bin/../lib/gcc/arm-none-eabi/12.3.1/../../../../arm-none-eabi/lib/thumb/v7e-m+fp/hard\libc_nano.a(libc_a-stdio.o)
                              C:/ST/STM32CubeIDE_1.17.0/STM32CubeIDE/plugins/com.st.stm32cube.ide.mcu.externaltools.gnu-tools-for-stm32.12.3.rel1.win32_1.1.0.202410251130/tools/bin/../lib/gcc/arm-none-eabi/12.3.1/../../../../arm-none-eabi/lib/thumb/v7e-m+fp/hard\libc_nano.a(libc_a-findfp.o) (__sread)
C:/ST/STM32CubeIDE_1.17.0/STM32CubeIDE/plugins/com.st.stm32cube.ide.mcu.externaltools.gnu-tools-for-stm32.12.3.rel1.win32_1.1.0.202410251130/tools/bin/../lib/gcc/arm-none-eabi/12.3.1/../../../../arm-none-eabi/lib/thumb/v7e-m+fp/hard\libc_nano.a(libc_a-memset.o)
                              C:/ST/STM32CubeIDE_1.17.0/STM32CubeIDE/plugins/com.st.stm32cube.ide.mcu.externaltools.gnu-tools-for-stm32.12.3.rel1.win32_1.1.0.202410251130/tools/bin/../lib/gcc/arm-none-eabi/12.3.1/../../../../arm-none-eabi/lib/thumb/v7e-m+fp/hard/crt0.o (memset)
C:/ST/STM32CubeIDE_1.17.0/STM32CubeIDE/plugins/com.st.stm32cube.ide.mcu.externaltools.gnu-tools-for-stm32.12.3.rel1.win32_1.1.0.202410251130/tools/bin/../lib/gcc/arm-none-eabi/12.3.1/../../../../arm-none-eabi/lib/thumb/v7e-m+fp/hard\libc_nano.a(libc_a-closer.o)
                              C:/ST/STM32CubeIDE_1.17.0/STM32CubeIDE/plugins/com.st.stm32cube.ide.mcu.externaltools.gnu-tools-for-stm32.12.3.rel1.win32_1.1.0.202410251130/tools/bin/../lib/gcc/arm-none-eabi/12.3.1/../../../../arm-none-eabi/lib/thumb/v7e-m+fp/hard\libc_nano.a(libc_a-stdio.o) (_close_r)
C:/ST/STM32CubeIDE_1.17.0/STM32CubeIDE/plugins/com.st.stm32cube.ide.mcu.externaltools.gnu-tools-for-stm32.12.3.rel1.win32_1.1.0.202410251130/tools/bin/../lib/gcc/arm-none-eabi/12.3.1/../../../../arm-none-eabi/lib/thumb/v7e-m+fp/hard\libc_nano.a(libc_a-reent.o)
                              C:/ST/STM32CubeIDE_1.17.0/STM32CubeIDE/plugins/com.st.stm32cube.ide.mcu.externaltools.gnu-tools-for-stm32.12.3.rel1.win32_1.1.0.202410251130/tools/bin/../lib/gcc/arm-none-eabi/12.3.1/../../../../arm-none-eabi/lib/thumb/v7e-m+fp/hard\libc_nano.a(libc_a-closer.o) (errno)
C:/ST/STM32CubeIDE_1.17.0/STM32CubeIDE/plugins/com.st.stm32cube.ide.mcu.externaltools.gnu-tools-for-stm32.12.3.rel1.win32_1.1.0.202410251130/tools/bin/../lib/gcc/arm-none-eabi/12.3.1/../../../../arm-none-eabi/lib/thumb/v7e-m+fp/hard\libc_nano.a(libc_a-impure.o)
                              C:/ST/STM32CubeIDE_1.17.0/STM32CubeIDE/plugins/com.st.stm32cube.ide.mcu.externaltools.gnu-tools-for-stm32.12.3.rel1.win32_1.1.0.202410251130/tools/bin/../lib/gcc/arm-none-eabi/12.3.1/../../../../arm-none-eabi/lib/thumb/v7e-m+fp/hard\libc_nano.a(libc_a-reent.o) (_impure_ptr)
C:/ST/STM32CubeIDE_1.17.0/STM32CubeIDE/plugins/com.st.stm32cube.ide.mcu.externaltools.gnu-tools-for-stm32.12.3.rel1.win32_1.1.0.202410251130/tools/bin/../lib/gcc/arm-none-eabi/12.3.1/../../../../arm-none-eabi/lib/thumb/v7e-m+fp/hard\libc_nano.a(libc_a-lseekr.o)
[...]
Memory Configuration

Name             Origin             Length             Attributes
RAM              0x20000000         0x00020000         xrw
FLASH            0x08000000         0x00080000         xr
*default*        0x00000000         0xffffffff

Linker script and memory map

LOAD C:/ST/STM32CubeIDE_1.17.0/STM32CubeIDE/plugins/com.st.stm32cube.ide.mcu.externaltools.gnu-tools-for-stm32.12.3.rel1.win32_1.1.0.202410251130/tools/bin/../lib/gcc/arm-none-eabi/12.3.1/thumb/v7e-m+fp/hard/crti.o
LOAD C:/ST/STM32CubeIDE_1.17.0/STM32CubeIDE/plugins/com.st.stm32cube.ide.mcu.externaltools.gnu-tools-for-stm32.12.3.rel1.win32_1.1.0.202410251130/tools/bin/../lib/gcc/arm-none-eabi/12.3.1/thumb/v7e-m+fp/hard/crtbegin.o
LOAD C:/ST/STM32CubeIDE_1.17.0/STM32CubeIDE/plugins/com.st.stm32cube.ide.mcu.externaltools.gnu-tools-for-stm32.12.3.rel1.win32_1.1.0.202410251130/tools/bin/../lib/gcc/arm-none-eabi/12.3.1/../../../../arm-none-eabi/lib/thumb/v7e-m+fp/hard/crt0.o
LOAD ./Core/Src/main.o
LOAD ./Core/Src/stm32f4xx_hal_msp.o
LOAD ./Core/Src/stm32f4xx_it.o
LOAD ./Core/Src/syscalls.o
LOAD ./Core/Src/sysmem.o
LOAD ./Core/Src/system_stm32f4xx.o
LOAD ./Core/Startup/startup_stm32f411ceux.o
LOAD ./Drivers/STM32F4xx_HAL_Driver/Src/stm32f4xx_hal.o
LOAD ./Drivers/STM32F4xx_HAL_Driver/Src/stm32f4xx_hal_adc.o
LOAD ./Drivers/STM32F4xx_HAL_Driver/Src/stm32f4xx_hal_adc_ex.o
LOAD ./Drivers/STM32F4xx_HAL_Driver/Src/stm32f4xx_hal_cortex.o
LOAD ./Drivers/STM32F4xx_HAL_Driver/Src/stm32f4xx_hal_dma.o
LOAD ./Drivers/STM32F4xx_HAL_Driver/Src/stm32f4xx_hal_dma_ex.o
LOAD ./Drivers/STM32F4xx_HAL_Driver/Src/stm32f4xx_hal_exti.o
LOAD ./Drivers/STM32F4xx_HAL_Driver/Src/stm32f4xx_hal_flash.o
LOAD ./Drivers/STM32F4xx_HAL_Driver/Src/stm32f4xx_hal_flash_ex.o
LOAD ./Drivers/STM32F4xx_HAL_Driver/Src/stm32f4xx_hal_flash_ramfunc.o
LOAD ./Drivers/STM32F4xx_HAL_Driver/Src/stm32f4xx_hal_gpio.o
LOAD ./Drivers/STM32F4xx_HAL_Driver/Src/stm32f4xx_hal_pwr.o
LOAD ./Drivers/STM32F4xx_HAL_Driver/Src/stm32f4xx_hal_pwr_ex.o
LOAD ./Drivers/STM32F4xx_HAL_Driver/Src/stm32f4xx_hal_rcc.o
LOAD ./Drivers/STM32F4xx_HAL_Driver/Src/stm32f4xx_hal_rcc_ex.o
LOAD ./Drivers/STM32F4xx_HAL_Driver/Src/stm32f4xx_hal_tim.o
LOAD ./Drivers/STM32F4xx_HAL_Driver/Src/stm32f4xx_hal_tim_ex.o
LOAD ./Drivers/STM32F4xx_HAL_Driver/Src/stm32f4xx_ll_adc.o
START GROUP
LOAD C:/ST/STM32CubeIDE_1.17.0/STM32CubeIDE/plugins/com.st.stm32cube.ide.mcu.externaltools.gnu-tools-for-stm32.12.3.rel1.win32_1.1.0.202410251130/tools/bin/../lib/gcc/arm-none-eabi/12.3.1/../../../../arm-none-eabi/lib/thumb/v7e-m+fp/hard\libc_nano.a
LOAD C:/ST/STM32CubeIDE_1.17.0/STM32CubeIDE/plugins/com.st.stm32cube.ide.mcu.externaltools.gnu-tools-for-stm32.12.3.rel1.win32_1.1.0.202410251130/tools/bin/../lib/gcc/arm-none-eabi/12.3.1/../../../../arm-none-eabi/lib/thumb/v7e-m+fp/hard\libm.a
END GROUP
START GROUP
LOAD C:/ST/STM32CubeIDE_1.17.0/STM32CubeIDE/plugins/com.st.stm32cube.ide.mcu.externaltools.gnu-tools-for-stm32.12.3.rel1.win32_1.1.0.202410251130/tools/bin/../lib/gcc/arm-none-eabi/12.3.1/thumb/v7e-m+fp/hard\libgcc.a
LOAD C:/ST/STM32CubeIDE_1.17.0/STM32CubeIDE/plugins/com.st.stm32cube.ide.mcu.externaltools.gnu-tools-for-stm32.12.3.rel1.win32_1.1.0.202410251130/tools/bin/../lib/gcc/arm-none-eabi/12.3.1/../../../../arm-none-eabi/lib/thumb/v7e-m+fp/hard\libc_nano.a
END GROUP
START GROUP
LOAD C:/ST/STM32CubeIDE_1.17.0/STM32CubeIDE/plugins/com.st.stm32cube.ide.mcu.externaltools.gnu-tools-for-stm32.12.3.rel1.win32_1.1.0.202410251130/tools/bin/../lib/gcc/arm-none-eabi/12.3.1/thumb/v7e-m+fp/hard\libgcc.a
LOAD C:/ST/STM32CubeIDE_1.17.0/STM32CubeIDE/plugins/com.st.stm32cube.ide.mcu.externaltools.gnu-tools-for-stm32.12.3.rel1.win32_1.1.0.202410251130/tools/bin/../lib/gcc/arm-none-eabi/12.3.1/../../../../arm-none-eabi/lib/thumb/v7e-m+fp/hard\libc_nano.a
LOAD C:/ST/STM32CubeIDE_1.17.0/STM32CubeIDE/plugins/com.st.stm32cube.ide.mcu.externaltools.gnu-tools-for-stm32.12.3.rel1.win32_1.1.0.202410251130/tools/bin/../lib/gcc/arm-none-eabi/12.3.1/../../../../arm-none-eabi/lib/thumb/v7e-m+fp/hard\libnosys.a
END GROUP
START GROUP
LOAD C:/ST/STM32CubeIDE_1.17.0/STM32CubeIDE/plugins/com.st.stm32cube.ide.mcu.externaltools.gnu-tools-for-stm32.12.3.rel1.win32_1.1.0.202410251130/tools/bin/../lib/gcc/arm-none-eabi/12.3.1/thumb/v7e-m+fp/hard\libgcc.a
LOAD C:/ST/STM32CubeIDE_1.17.0/STM32CubeIDE/plugins/com.st.stm32cube.ide.mcu.externaltools.gnu-tools-for-stm32.12.3.rel1.win32_1.1.0.202410251130/tools/bin/../lib/gcc/arm-none-eabi/12.3.1/../../../../arm-none-eabi/lib/thumb/v7e-m+fp/hard\libc_nano.a
LOAD C:/ST/STM32CubeIDE_1.17.0/STM32CubeIDE/plugins/com.st.stm32cube.ide.mcu.externaltools.gnu-tools-for-stm32.12.3.rel1.win32_1.1.0.202410251130/tools/bin/../lib/gcc/arm-none-eabi/12.3.1/../../../../arm-none-eabi/lib/thumb/v7e-m+fp/hard\libnosys.a
END GROUP
LOAD C:/ST/STM32CubeIDE_1.17.0/STM32CubeIDE/plugins/com.st.stm32cube.ide.mcu.externaltools.gnu-tools-for-stm32.12.3.rel1.win32_1.1.0.202410251130/tools/bin/../lib/gcc/arm-none-eabi/12.3.1/thumb/v7e-m+fp/hard/crtend.o
LOAD C:/ST/STM32CubeIDE_1.17.0/STM32CubeIDE/plugins/com.st.stm32cube.ide.mcu.externaltools.gnu-tools-for-stm32.12.3.rel1.win32_1.1.0.202410251130/tools/bin/../lib/gcc/arm-none-eabi/12.3.1/thumb/v7e-m+fp/hard/crtn.o
                0x20020000                        _estack = (ORIGIN (RAM) + LENGTH (RAM))
                0x00000200                        _Min_Heap_Size = 0x200
                0x00000400                        _Min_Stack_Size = 0x400

.isr_vector     0x08000000      0x198
                0x08000000                        . = ALIGN (0x4)
 *(.isr_vector)
 .isr_vector    0x08000000      0x198 ./Core/Startup/startup_stm32f411ceux.o
                0x08000000                g_pfnVectors
                0x08000198                        . = ALIGN (0x4)

.text           0x08000198     0x5448
                0x08000198                        . = ALIGN (0x4)
 *(.text)
 .text          0x08000198       0x40 C:/ST/STM32CubeIDE_1.17.0/STM32CubeIDE/plugins/com.st.stm32cube.ide.mcu.externaltools.gnu-tools-for-stm32.12.3.rel1.win32_1.1.0.202410251130/tools/bin/../lib/gcc/arm-none-eabi/12.3.1/thumb/v7e-m+fp/hard/crtbegin.o
 .text          0x080001d8      0x378 C:/ST/STM32CubeIDE_1.17.0/STM32CubeIDE/plugins/com.st.stm32cube.ide.mcu.externaltools.gnu-tools-for-stm32.12.3.rel1.win32_1.1.0.202410251130/tools/bin/../lib/gcc/arm-none-eabi/12.3.1/thumb/v7e-m+fp/hard\libgcc.a(_arm_addsubdf3.o)
                0x080001d8                __aeabi_drsub
                0x080001e0                __aeabi_dsub
                0x080001e0                __subdf3
                0x080001e4                __aeabi_dadd
                0x080001e4                __adddf3
                0x0800045c                __floatunsidf
                0x0800045c                __aeabi_ui2d
                0x0800047c                __floatsidf
                0x0800047c                __aeabi_i2d
                0x080004a0                __aeabi_f2d
                0x080004a0                __extendsfdf2
                0x080004e4                __floatundidf
                0x080004e4                __aeabi_ul2d
                0x080004f4                __floatdidf
                0x080004f4                __aeabi_l2d
 .text          0x08000550      0x424 C:/ST/STM32CubeIDE_1.17.0/STM32CubeIDE/plugins/com.st.stm32cube.ide.mcu.externaltools.gnu-tools-for-stm32.12.3.rel1.win32_1.1.0.202410251130/tools/bin/../lib/gcc/arm-none-eabi/12.3.1/thumb/v7e-m+fp/hard\libgcc.a(_arm_muldivdf3.o)
                0x08000550                __aeabi_dmul
                0x08000550                __muldf3
                0x080007a4                __divdf3
                0x080007a4                __aeabi_ddiv
 .text          0x08000974       0xa0 C:/ST/STM32CubeIDE_1.17.0/STM32CubeIDE/plugins/com.st.stm32cube.ide.mcu.externaltools.gnu-tools-for-stm32.12.3.rel1.win32_1.1.0.202410251130/tools/bin/../lib/gcc/arm-none-eabi/12.3.1/thumb/v7e-m+fp/hard\libgcc.a(_arm_truncdfsf2.o)
                0x08000974                __truncdfsf2
                0x08000974                __aeabi_d2f
 .text          0x08000a14       0x30 C:/ST/STM32CubeIDE_1.17.0/STM32CubeIDE/plugins/com.st.stm32cube.ide.mcu.externaltools.gnu-tools-for-stm32.12.3.rel1.win32_1.1.0.202410251130/tools/bin/../lib/gcc/arm-none-eabi/12.3.1/thumb/v7e-m+fp/hard\libgcc.a(_aeabi_uldivmod.o)
                0x08000a14                __aeabi_uldivmod
 .text          0x08000a44      0x2bc C:/ST/STM32CubeIDE_1.17.0/STM32CubeIDE/plugins/com.st.stm32cube.ide.mcu.externaltools.gnu-tools-for-stm32.12.3.rel1.win32_1.1.0.202410251130/tools/bin/../lib/gcc/arm-none-eabi/12.3.1/thumb/v7e-m+fp/hard\libgcc.a(_udivmoddi4.o)
                0x08000a44                __udivmoddi4
 .text          0x08000d00        0x4 C:/ST/STM32CubeIDE_1.17.0/STM32CubeIDE/plugins/com.st.stm32cube.ide.mcu.externaltools.gnu-tools-for-stm32.12.3.rel1.win32_1.1.0.202410251130/tools/bin/../lib/gcc/arm-none-eabi/12.3.1/thumb/v7e-m+fp/hard\libgcc.a(_dvmd_tls.o)
                0x08000d00                __aeabi_idiv0
                0x08000d00                __aeabi_ldiv0
 *(.text*)
 .text.HAL_GPIO_EXTI_Callback
                0x08000d04      0x390 ./Core/Src/main.o
                0x08000d04                HAL_GPIO_EXTI_Callback
 .text.HAL_IncTick
                0x08001094       0xe4 ./Core/Src/main.o
                0x08001094                HAL_IncTick
 .text.HAL_ADC_ConvCpltCallback
                0x08001178      0x180 ./Core/Src/main.o
                0x08001178                HAL_ADC_ConvCpltCallback
 .text.dust_sensor
                0x080012f8       0xbc ./Core/Src/main.o
                0x080012f8                dust_sensor
 .text.trigger  0x080013b4       0xd4 ./Core/Src/main.o
                0x080013b4                trigger
 .text.trigger_back
                0x08001488       0xcc ./Core/Src/main.o
                0x08001488                trigger_back
 .text.crash_PWM
                0x08001554       0xd8 ./Core/Src/main.o
                0x08001554                crash_PWM
 .text.scan     0x0800162c      0x284 ./Core/Src/main.o
                0x0800162c                scan
 .text.move_forward
                0x080018b0       0x4c ./Core/Src/main.o
                0x080018b0                move_forward
 .text.move_backward
                0x080018fc       0x4c ./Core/Src/main.o
                0x080018fc                move_backward
 .text.stop     0x08001948       0x54 ./Core/Src/main.o
                0x08001948                stop
 .text.turn_around
                0x0800199c       0xd4 ./Core/Src/main.o
                0x0800199c                turn_around
 .text.turn_right
                0x08001a70       0xd4 ./Core/Src/main.o
                0x08001a70                turn_right
 .text.turn_left
                0x08001b44       0xd4 ./Core/Src/main.o
                0x08001b44                turn_left
 .text.small_turn_left
                0x08001c18       0x90 ./Core/Src/main.o
                0x08001c18                small_turn_left
 .text.small_turn_right
                0x08001ca8       0x8c ./Core/Src/main.o
                0x08001ca8                small_turn_right
 .text.ir_turn_around
                0x08001d34       0x4c ./Core/Src/main.o
                0x08001d34                ir_turn_around
 .text.charge   0x08001d80      0x328 ./Core/Src/main.o
                0x08001d80                charge
 .text.distance_data
                0x080020a8      0x130 ./Core/Src/main.o
                0x080020a8                distance_data
 .text.distance_data_back
                0x080021d8       0x70 ./Core/Src/main.o
                0x080021d8                distance_data_back
 .text.main     0x08002248      0x234 ./Core/Src/main.o
                0x08002248                main
 .text.SystemClock_Config
                0x0800247c       0xbc ./Core/Src/main.o
                0x0800247c                SystemClock_Config
 .text.MX_ADC1_Init
                0x08002538       0xa4 ./Core/Src/main.o
 .text.MX_TIM1_Init
                0x080025dc      0x158 ./Core/Src/main.o
 .text.MX_TIM2_Init
                0x08002734       0x98 ./Core/Src/main.o
 .text.MX_TIM3_Init
                0x080027cc       0xec ./Core/Src/main.o
 .text.MX_GPIO_Init
                0x080028b8      0x17c ./Core/Src/main.o
 .text.Error_Handler
                0x08002a34        0xc ./Core/Src/main.o
                0x08002a34                Error_Handler
 .text.HAL_MspInit
                0x08002a40       0x50 ./Core/Src/stm32f4xx_hal_msp.o
                0x08002a40                HAL_MspInit
 .text.HAL_ADC_MspInit
                0x08002a90       0x98 ./Core/Src/stm32f4xx_hal_msp.o
                0x08002a90                HAL_ADC_MspInit
 .text.HAL_TIM_Base_MspInit
                0x08002b28       0xa4 ./Core/Src/stm32f4xx_hal_msp.o
                0x08002b28                HAL_TIM_Base_MspInit
 .text.HAL_TIM_MspPostInit
                0x08002bcc       0xc0 ./Core/Src/stm32f4xx_hal_msp.o
                0x08002bcc                HAL_TIM_MspPostInit
 .text.NMI_Handler
                0x08002c8c        0x8 ./Core/Src/stm32f4xx_it.o
                0x08002c8c                NMI_Handler
 .text.HardFault_Handler
                0x08002c94        0x8 ./Core/Src/stm32f4xx_it.o
                0x08002c94                HardFault_Handler
 .text.MemManage_Handler
                0x08002c9c        0x8 ./Core/Src/stm32f4xx_it.o
                0x08002c9c                MemManage_Handler
 .text.BusFault_Handler
                0x08002ca4        0x8 ./Core/Src/stm32f4xx_it.o
                0x08002ca4                BusFault_Handler
 .text.UsageFault_Handler
                0x08002cac        0x8 ./Core/Src/stm32f4xx_it.o
                0x08002cac                UsageFault_Handler
 .text.SVC_Handler
                0x08002cb4        0xe ./Core/Src/stm32f4xx_it.o
                0x08002cb4                SVC_Handler
 .text.DebugMon_Handler
                0x08002cc2        0xe ./Core/Src/stm32f4xx_it.o
                0x08002cc2                DebugMon_Handler
 .text.PendSV_Handler
                0x08002cd0        0xe ./Core/Src/stm32f4xx_it.o
                0x08002cd0                PendSV_Handler
 .text.SysTick_Handler
                0x08002cde        0xc ./Core/Src/stm32f4xx_it.o
                0x08002cde                SysTick_Handler
 .text.EXTI1_IRQHandler
                0x08002cea        0xe ./Core/Src/stm32f4xx_it.o
                0x08002cea                EXTI1_IRQHandler
 .text.EXTI2_IRQHandler
                0x08002cf8        0xe ./Core/Src/stm32f4xx_it.o
                0x08002cf8                EXTI2_IRQHandler
 *fill*         0x08002d06        0x2 
 .text.ADC_IRQHandler
                0x08002d08       0x14 ./Core/Src/stm32f4xx_it.o
                0x08002d08                ADC_IRQHandler
 .text.EXTI9_5_IRQHandler
                0x08002d1c        0xe ./Core/Src/stm32f4xx_it.o
                0x08002d1c                EXTI9_5_IRQHandler
 *fill*         0x08002d2a        0x2 
 .text.TIM3_IRQHandler
                0x08002d2c       0x14 ./Core/Src/stm32f4xx_it.o
                0x08002d2c                TIM3_IRQHandler
 .text.EXTI15_10_IRQHandler
                0x08002d40       0x10 ./Core/Src/stm32f4xx_it.o
                0x08002d40                EXTI15_10_IRQHandler
 .text.SystemInit
                0x08002d50       0x24 ./Core/Src/system_stm32f4xx.o
                0x08002d50                SystemInit
 .text.Reset_Handler
                0x08002d74       0x50 ./Core/Startup/startup_stm32f411ceux.o
                0x08002d74                Reset_Handler
 .text.Default_Handler
                0x08002dc4        0x2 ./Core/Startup/startup_stm32f411ceux.o
                0x08002dc4                RTC_Alarm_IRQHandler
                0x08002dc4                SPI4_IRQHandler
                0x08002dc4                TIM1_CC_IRQHandler
                0x08002dc4                DMA2_Stream5_IRQHandler
                0x08002dc4                DMA1_Stream5_IRQHandler
                0x08002dc4                PVD_IRQHandler
                0x08002dc4                SDIO_IRQHandler
                0x08002dc4                TAMP_STAMP_IRQHandler
                0x08002dc4                EXTI3_IRQHandler
                0x08002dc4                TIM1_UP_TIM10_IRQHandler
                0x08002dc4                I2C3_ER_IRQHandler
                0x08002dc4                EXTI0_IRQHandler
                0x08002dc4                I2C2_EV_IRQHandler
                0x08002dc4                DMA1_Stream2_IRQHandler
                0x08002dc4                FPU_IRQHandler
                0x08002dc4                DMA2_Stream2_IRQHandler
                0x08002dc4                SPI1_IRQHandler
                0x08002dc4                TIM1_BRK_TIM9_IRQHandler
                0x08002dc4                DMA2_Stream3_IRQHandler
                0x08002dc4                USART6_IRQHandler
                0x08002dc4                DMA2_Stream0_IRQHandler
                0x08002dc4                TIM4_IRQHandler
                0x08002dc4                I2C1_EV_IRQHandler
                0x08002dc4                DMA1_Stream6_IRQHandler
                0x08002dc4                DMA1_Stream1_IRQHandler
                0x08002dc4                RCC_IRQHandler
                0x08002dc4                Default_Handler
                0x08002dc4                DMA1_Stream7_IRQHandler
                0x08002dc4                SPI5_IRQHandler
                0x08002dc4                TIM5_IRQHandler
                0x08002dc4                DMA2_Stream7_IRQHandler
                0x08002dc4                I2C3_EV_IRQHandler
                0x08002dc4                RTC_WKUP_IRQHandler
                0x08002dc4                SPI2_IRQHandler
                0x08002dc4                DMA1_Stream0_IRQHandler
                0x08002dc4                EXTI4_IRQHandler
                0x08002dc4                WWDG_IRQHandler
                0x08002dc4                TIM2_IRQHandler
                0x08002dc4                OTG_FS_WKUP_IRQHandler
                0x08002dc4                TIM1_TRG_COM_TIM11_IRQHandler
                0x08002dc4                USART2_IRQHandler
                0x08002dc4                I2C2_ER_IRQHandler
                0x08002dc4                DMA2_Stream1_IRQHandler
                0x08002dc4                FLASH_IRQHandler
                0x08002dc4                DMA2_Stream4_IRQHandler
                0x08002dc4                USART1_IRQHandler
                0x08002dc4                OTG_FS_IRQHandler
                0x08002dc4                SPI3_IRQHandler
                0x08002dc4                DMA1_Stream4_IRQHandler
                0x08002dc4                I2C1_ER_IRQHandler
                0x08002dc4                DMA2_Stream6_IRQHandler
                0x08002dc4                DMA1_Stream3_IRQHandler
 *fill*         0x08002dc6        0x2 
 .text.HAL_Init
                0x08002dc8       0x44 ./Drivers/STM32F4xx_HAL_Driver/Src/stm32f4xx_hal.o
                0x08002dc8                HAL_Init
 .text.HAL_InitTick
                0x08002e0c       0x60 ./Drivers/STM32F4xx_HAL_Driver/Src/stm32f4xx_hal.o
                0x08002e0c                HAL_InitTick
 .text.HAL_GetTick
                0x08002e6c       0x18 ./Drivers/STM32F4xx_HAL_Driver/Src/stm32f4xx_hal.o
                0x08002e6c                HAL_GetTick
 .text.HAL_ADC_Init
                0x08002e84       0x86 ./Drivers/STM32F4xx_HAL_Driver/Src/stm32f4xx_hal_adc.o
                0x08002e84                HAL_ADC_Init
 *fill*         0x08002f0a        0x2 
 .text.HAL_ADC_Start_IT
                0x08002f0c      0x17c ./Drivers/STM32F4xx_HAL_Driver/Src/stm32f4xx_hal_adc.o
                0x08002f0c                HAL_ADC_Start_IT
 .text.HAL_ADC_IRQHandler
                0x08003088      0x220 ./Drivers/STM32F4xx_HAL_Driver/Src/stm32f4xx_hal_adc.o
                0x08003088                HAL_ADC_IRQHandler
 .text.HAL_ADC_GetValue
                0x080032a8       0x1a ./Drivers/STM32F4xx_HAL_Driver/Src/stm32f4xx_hal_adc.o
                0x080032a8                HAL_ADC_GetValue
 .text.HAL_ADC_LevelOutOfWindowCallback
                0x080032c2       0x14 ./Drivers/STM32F4xx_HAL_Driver/Src/stm32f4xx_hal_adc.o
                0x080032c2                HAL_ADC_LevelOutOfWindowCallback
 .text.HAL_ADC_ErrorCallback
                0x080032d6       0x14 ./Drivers/STM32F4xx_HAL_Driver/Src/stm32f4xx_hal_adc.o
                0x080032d6                HAL_ADC_ErrorCallback
 *fill*         0x080032ea        0x2 
 .text.HAL_ADC_ConfigChannel
                0x080032ec      0x264 ./Drivers/STM32F4xx_HAL_Driver/Src/stm32f4xx_hal_adc.o
                0x080032ec                HAL_ADC_ConfigChannel
 .text.ADC_Init
                0x08003550      0x1f8 ./Drivers/STM32F4xx_HAL_Driver/Src/stm32f4xx_hal_adc.o
 .text.HAL_ADCEx_InjectedConvCpltCallback
                0x08003748       0x14 ./Drivers/STM32F4xx_HAL_Driver/Src/stm32f4xx_hal_adc_ex.o
                0x08003748                HAL_ADCEx_InjectedConvCpltCallback
 .text.__NVIC_SetPriorityGrouping
                0x0800375c       0x48 ./Drivers/STM32F4xx_HAL_Driver/Src/stm32f4xx_hal_cortex.o
 .text.__NVIC_GetPriorityGrouping
                0x080037a4       0x1c ./Drivers/STM32F4xx_HAL_Driver/Src/stm32f4xx_hal_cortex.o
 .text.__NVIC_EnableIRQ
                0x080037c0       0x3c ./Drivers/STM32F4xx_HAL_Driver/Src/stm32f4xx_hal_cortex.o
 .text.__NVIC_SetPriority
                0x080037fc       0x54 ./Drivers/STM32F4xx_HAL_Driver/Src/stm32f4xx_hal_cortex.o
 .text.NVIC_EncodePriority
                0x08003850       0x66 ./Drivers/STM32F4xx_HAL_Driver/Src/stm32f4xx_hal_cortex.o
 *fill*         0x080038b6        0x2 
 .text.SysTick_Config
                0x080038b8       0x44 ./Drivers/STM32F4xx_HAL_Driver/Src/stm32f4xx_hal_cortex.o
 .text.HAL_NVIC_SetPriorityGrouping
                0x080038fc       0x16 ./Drivers/STM32F4xx_HAL_Driver/Src/stm32f4xx_hal_cortex.o
                0x080038fc                HAL_NVIC_SetPriorityGrouping
 .text.HAL_NVIC_SetPriority
                0x08003912       0x38 ./Drivers/STM32F4xx_HAL_Driver/Src/stm32f4xx_hal_cortex.o
                0x08003912                HAL_NVIC_SetPriority
 .text.HAL_NVIC_EnableIRQ
                0x0800394a       0x1c ./Drivers/STM32F4xx_HAL_Driver/Src/stm32f4xx_hal_cortex.o
                0x0800394a                HAL_NVIC_EnableIRQ
 .text.HAL_SYSTICK_Config
                0x08003966       0x18 ./Drivers/STM32F4xx_HAL_Driver/Src/stm32f4xx_hal_cortex.o
                0x08003966                HAL_SYSTICK_Config
 *fill*         0x0800397e        0x2 
 .text.HAL_GPIO_Init
                0x08003980      0x308 ./Drivers/STM32F4xx_HAL_Driver/Src/stm32f4xx_hal_gpio.o
                0x08003980                HAL_GPIO_Init
 .text.HAL_GPIO_ReadPin
                0x08003c88       0x30 ./Drivers/STM32F4xx_HAL_Driver/Src/stm32f4xx_hal_gpio.o
                0x08003c88                HAL_GPIO_ReadPin
 .text.HAL_GPIO_WritePin
                0x08003cb8       0x32 ./Drivers/STM32F4xx_HAL_Driver/Src/stm32f4xx_hal_gpio.o
                0x08003cb8                HAL_GPIO_WritePin
 *fill*         0x08003cea        0x2 
 .text.HAL_GPIO_EXTI_IRQHandler
                0x08003cec       0x30 ./Drivers/STM32F4xx_HAL_Driver/Src/stm32f4xx_hal_gpio.o
                0x08003cec                HAL_GPIO_EXTI_IRQHandler
 .text.HAL_RCC_OscConfig
                0x08003d1c      0x4f0 ./Drivers/STM32F4xx_HAL_Driver/Src/stm32f4xx_hal_rcc.o
                0x08003d1c                HAL_RCC_OscConfig
 .text.HAL_RCC_ClockConfig
                0x0800420c      0x1cc ./Drivers/STM32F4xx_HAL_Driver/Src/stm32f4xx_hal_rcc.o
                0x0800420c                HAL_RCC_ClockConfig
 .text.HAL_RCC_GetSysClockFreq
                0x080043d8      0x18c ./Drivers/STM32F4xx_HAL_Driver/Src/stm32f4xx_hal_rcc.o
                0x080043d8                HAL_RCC_GetSysClockFreq
 .text.HAL_TIM_Base_Init
                0x08004564       0x9e ./Drivers/STM32F4xx_HAL_Driver/Src/stm32f4xx_hal_tim.o
                0x08004564                HAL_TIM_Base_Init
 *fill*         0x08004602        0x2 
 .text.HAL_TIM_Base_Start
                0x08004604       0xb4 ./Drivers/STM32F4xx_HAL_Driver/Src/stm32f4xx_hal_tim.o
                0x08004604                HAL_TIM_Base_Start
 .text.HAL_TIM_PWM_Init
                0x080046b8       0x9e ./Drivers/STM32F4xx_HAL_Driver/Src/stm32f4xx_hal_tim.o
                0x080046b8                HAL_TIM_PWM_Init
 .text.HAL_TIM_PWM_MspInit
                0x08004756       0x14 ./Drivers/STM32F4xx_HAL_Driver/Src/stm32f4xx_hal_tim.o
                0x08004756                HAL_TIM_PWM_MspInit
 *fill*         0x0800476a        0x2 
 .text.HAL_TIM_PWM_Start
                0x0800476c      0x160 ./Drivers/STM32F4xx_HAL_Driver/Src/stm32f4xx_hal_tim.o
                0x0800476c                HAL_TIM_PWM_Start
 .text.HAL_TIM_IRQHandler
                0x080048cc      0x1e0 ./Drivers/STM32F4xx_HAL_Driver/Src/stm32f4xx_hal_tim.o
                0x080048cc                HAL_TIM_IRQHandler
 .text.HAL_TIM_PWM_ConfigChannel
                0x08004aac      0x184 ./Drivers/STM32F4xx_HAL_Driver/Src/stm32f4xx_hal_tim.o
                0x08004aac                HAL_TIM_PWM_ConfigChannel
 .text.HAL_TIM_ConfigClockSource
                0x08004c30      0x18e ./Drivers/STM32F4xx_HAL_Driver/Src/stm32f4xx_hal_tim.o
                0x08004c30                HAL_TIM_ConfigClockSource
 .text.HAL_TIM_PeriodElapsedCallback
                0x08004dbe       0x14 ./Drivers/STM32F4xx_HAL_Driver/Src/stm32f4xx_hal_tim.o
                0x08004dbe                HAL_TIM_PeriodElapsedCallback
 .text.HAL_TIM_OC_DelayElapsedCallback
                0x08004dd2       0x14 ./Drivers/STM32F4xx_HAL_Driver/Src/stm32f4xx_hal_tim.o
                0x08004dd2                HAL_TIM_OC_DelayElapsedCallback
 .text.HAL_TIM_IC_CaptureCallback
                0x08004de6       0x14 ./Drivers/STM32F4xx_HAL_Driver/Src/stm32f4xx_hal_tim.o
                0x08004de6                HAL_TIM_IC_CaptureCallback
 .text.HAL_TIM_PWM_PulseFinishedCallback
                0x08004dfa       0x14 ./Drivers/STM32F4xx_HAL_Driver/Src/stm32f4xx_hal_tim.o
                0x08004dfa                HAL_TIM_PWM_PulseFinishedCallback
 .text.HAL_TIM_TriggerCallback
                0x08004e0e       0x14 ./Drivers/STM32F4xx_HAL_Driver/Src/stm32f4xx_hal_tim.o
                0x08004e0e                HAL_TIM_TriggerCallback
 *fill*         0x08004e22        0x2 
 .text.TIM_Base_SetConfig
                0x08004e24      0x10c ./Drivers/STM32F4xx_HAL_Driver/Src/stm32f4xx_hal_tim.o
                0x08004e24                TIM_Base_SetConfig
 .text.TIM_OC1_SetConfig
                0x08004f30       0xcc ./Drivers/STM32F4xx_HAL_Driver/Src/stm32f4xx_hal_tim.o
 .text.TIM_OC2_SetConfig
                0x08004ffc       0xd8 ./Drivers/STM32F4xx_HAL_Driver/Src/stm32f4xx_hal_tim.o
                0x08004ffc                TIM_OC2_SetConfig
 .text.TIM_OC3_SetConfig
                0x080050d4       0xd4 ./Drivers/STM32F4xx_HAL_Driver/Src/stm32f4xx_hal_tim.o
 .text.TIM_OC4_SetConfig
                0x080051a8       0xa0 ./Drivers/STM32F4xx_HAL_Driver/Src/stm32f4xx_hal_tim.o
 .text.TIM_TI1_ConfigInputStage
                0x08005248       0x5e ./Drivers/STM32F4xx_HAL_Driver/Src/stm32f4xx_hal_tim.o
 .text.TIM_TI2_ConfigInputStage
                0x080052a6       0x60 ./Drivers/STM32F4xx_HAL_Driver/Src/stm32f4xx_hal_tim.o
 .text.TIM_ITRx_SetConfig
                0x08005306       0x36 ./Drivers/STM32F4xx_HAL_Driver/Src/stm32f4xx_hal_tim.o
 .text.TIM_ETR_SetConfig
                0x0800533c       0x40 ./Drivers/STM32F4xx_HAL_Driver/Src/stm32f4xx_hal_tim.o
                0x0800533c                TIM_ETR_SetConfig
 .text.TIM_CCxChannelCmd
                0x0800537c       0x4a ./Drivers/STM32F4xx_HAL_Driver/Src/stm32f4xx_hal_tim.o
                0x0800537c                TIM_CCxChannelCmd
 *fill*         0x080053c6        0x2 
 .text.HAL_TIMEx_MasterConfigSynchronization
                0x080053c8       0xdc ./Drivers/STM32F4xx_HAL_Driver/Src/stm32f4xx_hal_tim_ex.o
                0x080053c8                HAL_TIMEx_MasterConfigSynchronization
 .text.HAL_TIMEx_ConfigBreakDeadTime
                0x080054a4       0xa4 ./Drivers/STM32F4xx_HAL_Driver/Src/stm32f4xx_hal_tim_ex.o
                0x080054a4                HAL_TIMEx_ConfigBreakDeadTime
 .text.HAL_TIMEx_CommutCallback
                0x08005548       0x14 ./Drivers/STM32F4xx_HAL_Driver/Src/stm32f4xx_hal_tim_ex.o
                0x08005548                HAL_TIMEx_CommutCallback
 .text.HAL_TIMEx_BreakCallback
                0x0800555c       0x14 ./Drivers/STM32F4xx_HAL_Driver/Src/stm32f4xx_hal_tim_ex.o
                0x0800555c                HAL_TIMEx_BreakCallback
 .text.memset   0x08005570       0x10 C:/ST/STM32CubeIDE_1.17.0/STM32CubeIDE/plugins/com.st.stm32cube.ide.mcu.externaltools.gnu-tools-for-stm32.12.3.rel1.win32_1.1.0.202410251130/tools/bin/../lib/gcc/arm-none-eabi/12.3.1/../../../../arm-none-eabi/lib/thumb/v7e-m+fp/hard\libc_nano.a(libc_a-memset.o)
                0x08005570                memset
 .text.__libc_init_array
                0x08005580       0x48 C:/ST/STM32CubeIDE_1.17.0/STM32CubeIDE/plugins/com.st.stm32cube.ide.mcu.externaltools.gnu-tools-for-stm32.12.3.rel1.win32_1.1.0.202410251130/tools/bin/../lib/gcc/arm-none-eabi/12.3.1/../../../../arm-none-eabi/lib/thumb/v7e-m+fp/hard\libc_nano.a(libc_a-init.o)
                0x08005580                __libc_init_array
 *(.glue_7)
 .glue_7        0x080055c8        0x0 linker stubs
 *(.glue_7t)
 .glue_7t       0x080055c8        0x0 linker stubs
 *(.eh_frame)
 .eh_frame      0x080055c8        0x0 C:/ST/STM32CubeIDE_1.17.0/STM32CubeIDE/plugins/com.st.stm32cube.ide.mcu.externaltools.gnu-tools-for-stm32.12.3.rel1.win32_1.1.0.202410251130/tools/bin/../lib/gcc/arm-none-eabi/12.3.1/thumb/v7e-m+fp/hard/crtbegin.o
 *(.init)
 .init          0x080055c8        0x4 C:/ST/STM32CubeIDE_1.17.0/STM32CubeIDE/plugins/com.st.stm32cube.ide.mcu.externaltools.gnu-tools-for-stm32.12.3.rel1.win32_1.1.0.202410251130/tools/bin/../lib/gcc/arm-none-eabi/12.3.1/thumb/v7e-m+fp/hard/crti.o
                0x080055c8                _init
 .init          0x080055cc        0x8 C:/ST/STM32CubeIDE_1.17.0/STM32CubeIDE/plugins/com.st.stm32cube.ide.mcu.externaltools.gnu-tools-for-stm32.12.3.rel1.win32_1.1.0.202410251130/tools/bin/../lib/gcc/arm-none-eabi/12.3.1/thumb/v7e-m+fp/hard/crtn.o
 *(.fini)
 .fini          0x080055d4        0x4 C:/ST/STM32CubeIDE_1.17.0/STM32CubeIDE/plugins/com.st.stm32cube.ide.mcu.externaltools.gnu-tools-for-stm32.12.3.rel1.win32_1.1.0.202410251130/tools/bin/../lib/gcc/arm-none-eabi/12.3.1/thumb/v7e-m+fp/hard/crti.o
                0x080055d4                _fini
 .fini          0x080055d8        0x8 C:/ST/STM32CubeIDE_1.17.0/STM32CubeIDE/plugins/com.st.stm32cube.ide.mcu.externaltools.gnu-tools-for-stm32.12.3.rel1.win32_1.1.0.202410251130/tools/bin/../lib/gcc/arm-none-eabi/12.3.1/thumb/v7e-m+fp/hard/crtn.o
                0x080055e0                        . = ALIGN (0x4)
                0x080055e0                        _etext = .

.vfp11_veneer   0x080055e0        0x0
 .vfp11_veneer  0x080055e0        0x0 linker stubs

.v4_bx          0x080055e0        0x0
 .v4_bx         0x080055e0        0x0 linker stubs

.iplt           0x080055e0        0x0
 .iplt          0x080055e0        0x0 C:/ST/STM32CubeIDE_1.17.0/STM32CubeIDE/plugins/com.st.stm32cube.ide.mcu.externaltools.gnu-tools-for-stm32.12.3.rel1.win32_1.1.0.202410251130/tools/bin/../lib/gcc/arm-none-eabi/12.3.1/thumb/v7e-m+fp/hard/crtbegin.o

.rodata         0x080055e0       0x10
                0x080055e0                        . = ALIGN (0x4)
 *(.rodata)
 *(.rodata*)
 .rodata.AHBPrescTable
                0x080055e0       0x10 ./Core/Src/system_stm32f4xx.o
                0x080055e0                AHBPrescTable
                0x080055f0                        . = ALIGN (0x4)

.ARM.extab      0x080055f0        0x0
                0x080055f0                        . = ALIGN (0x4)
 *(.ARM.extab* .gnu.linkonce.armextab.*)
                0x080055f0                        . = ALIGN (0x4)

.ARM            0x080055f0        0x8
                0x080055f0                        . = ALIGN (0x4)
                0x080055f0                        __exidx_start = .
 *(.ARM.exidx*)
 .ARM.exidx     0x080055f0        0x8 C:/ST/STM32CubeIDE_1.17.0/STM32CubeIDE/plugins/com.st.stm32cube.ide.mcu.externaltools.gnu-tools-for-stm32.12.3.rel1.win32_1.1.0.202410251130/tools/bin/../lib/gcc/arm-none-eabi/12.3.1/thumb/v7e-m+fp/hard\libgcc.a(_udivmoddi4.o)
                0x080055f8                        __exidx_end = .
                0x080055f8                        . = ALIGN (0x4)

.preinit_array  0x080055f8        0x0
                0x080055f8                        . = ALIGN (0x4)
                0x080055f8                        PROVIDE (__preinit_array_start = .)
 *(.preinit_array*)
                0x080055f8                        PROVIDE (__preinit_array_end = .)
                0x080055f8                        . = ALIGN (0x4)

.init_array     0x080055f8        0x4
                0x080055f8                        . = ALIGN (0x4)
                0x080055f8                        PROVIDE (__init_array_start = .)
 *(SORT_BY_NAME(.init_array.*))
 *(.init_array*)
 .init_array    0x080055f8        0x4 C:/ST/STM32CubeIDE_1.17.0/STM32CubeIDE/plugins/com.st.stm32cube.ide.mcu.externaltools.gnu-tools-for-stm32.12.3.rel1.win32_1.1.0.202410251130/tools/bin/../lib/gcc/arm-none-eabi/12.3.1/thumb/v7e-m+fp/hard/crtbegin.o
                0x080055fc                        PROVIDE (__init_array_end = .)
                0x080055fc                        . = ALIGN (0x4)

.fini_array     0x080055fc        0x4
                0x080055fc                        . = ALIGN (0x4)
                [!provide]                        PROVIDE (__fini_array_start = .)
 *(SORT_BY_NAME(.fini_array.*))
 *(.fini_array*)
 .fini_array    0x080055fc        0x4 C:/ST/STM32CubeIDE_1.17.0/STM32CubeIDE/plugins/com.st.stm32cube.ide.mcu.externaltools.gnu-tools-for-stm32.12.3.rel1.win32_1.1.0.202410251130/tools/bin/../lib/gcc/arm-none-eabi/12.3.1/thumb/v7e-m+fp/hard/crtbegin.o
                [!provide]                        PROVIDE (__fini_array_end = .)
                0x08005600                        . = ALIGN (0x4)
                0x08005600                        _sidata = LOADADDR (.data)

.rel.dyn        0x08005600        0x0
 .rel.iplt      0x08005600        0x0 C:/ST/STM32CubeIDE_1.17.0/STM32CubeIDE/plugins/com.st.stm32cube.ide.mcu.externaltools.gnu-tools-for-stm32.12.3.rel1.win32_1.1.0.202410251130/tools/bin/../lib/gcc/arm-none-eabi/12.3.1/thumb/v7e-m+fp/hard/crtbegin.o

.data           0x20000000        0xc load address 0x08005600
                0x20000000                        . = ALIGN (0x4)
                0x20000000                        _sdata = .
 *(.data)
 *(.data*)
 .data.SystemCoreClock
                0x20000000        0x4 ./Core/Src/system_stm32f4xx.o
                0x20000000                SystemCoreClock
 .data.uwTickPrio
                0x20000004        0x4 ./Drivers/STM32F4xx_HAL_Driver/Src/stm32f4xx_hal.o
                0x20000004                uwTickPrio
 .data.uwTickFreq
                0x20000008        0x1 ./Drivers/STM32F4xx_HAL_Driver/Src/stm32f4xx_hal.o
                0x20000008                uwTickFreq
 *(.RamFunc)
 *(.RamFunc*)
                0x2000000c                        . = ALIGN (0x4)
 *fill*         0x20000009        0x3 
                0x2000000c                        _edata = .

.igot.plt       0x2000000c        0x0 load address 0x0800560c
 .igot.plt      0x2000000c        0x0 C:/ST/STM32CubeIDE_1.17.0/STM32CubeIDE/plugins/com.st.stm32cube.ide.mcu.externaltools.gnu-tools-for-stm32.12.3.rel1.win32_1.1.0.202410251130/tools/bin/../lib/gcc/arm-none-eabi/12.3.1/thumb/v7e-m+fp/hard/crtbegin.o
                0x2000000c                        . = ALIGN (0x4)

.bss            0x2000000c      0x1f0 load address 0x0800560c
                0x2000000c                        _sbss = .
                0x2000000c                        __bss_start__ = _sbss
 *(.bss)
 .bss           0x2000000c       0x1c C:/ST/STM32CubeIDE_1.17.0/STM32CubeIDE/plugins/com.st.stm32cube.ide.mcu.externaltools.gnu-tools-for-stm32.12.3.rel1.win32_1.1.0.202410251130/tools/bin/../lib/gcc/arm-none-eabi/12.3.1/thumb/v7e-m+fp/hard/crtbegin.o
 *(.bss*)
 .bss.start     0x20000028        0x1 ./Core/Src/main.o
                0x20000028                start
 .bss.start_charge
                0x20000029        0x1 ./Core/Src/main.o
                0x20000029                start_charge
 .bss.stop_flag
                0x2000002a        0x1 ./Core/Src/main.o
                0x2000002a                stop_flag
 .bss.finsh_crash
                0x2000002b        0x1 ./Core/Src/main.o
                0x2000002b                finsh_crash
 .bss.duty_right
                0x2000002c        0x2 ./Core/Src/main.o
                0x2000002c                duty_right
 .bss.duty_left
                0x2000002e        0x2 ./Core/Src/main.o
                0x2000002e                duty_left
 .bss.duty_sensor
                0x20000030        0x4 ./Core/Src/main.o
                0x20000030                duty_sensor
 .bss.trig_flag
                0x20000034        0x1 ./Core/Src/main.o
                0x20000034                trig_flag
 .bss.pwm_flag  0x20000035        0x1 ./Core/Src/main.o
                0x20000035                pwm_flag
 .bss.waiting_fall
                0x20000036        0x1 ./Core/Src/main.o
                0x20000036                waiting_fall
 .bss.distance_ready
                0x20000037        0x1 ./Core/Src/main.o
                0x20000037                distance_ready
 .bss.distance_cm
                0x20000038        0x4 ./Core/Src/main.o
                0x20000038                distance_cm
 .bss.trig_rise
                0x2000003c        0x1 ./Core/Src/main.o
                0x2000003c                trig_rise
 *fill*         0x2000003d        0x3 
 .bss.t_rise    0x20000040        0x4 ./Core/Src/main.o
                0x20000040                t_rise
 .bss.t_fall    0x20000044        0x4 ./Core/Src/main.o
                0x20000044                t_fall
 .bss.echo_width
                0x20000048        0x4 ./Core/Src/main.o
                0x20000048                echo_width
 .bss.trig_start
                0x2000004c        0x4 ./Core/Src/main.o
                0x2000004c                trig_start
 .bss.trig_end  0x20000050        0x4 ./Core/Src/main.o
                0x20000050                trig_end
 .bss.trig_flag_b
                0x20000054        0x1 ./Core/Src/main.o
                0x20000054                trig_flag_b
 .bss.waiting_fall_b
                0x20000055        0x1 ./Core/Src/main.o
                0x20000055                waiting_fall_b
 .bss.distance_ready_b
                0x20000056        0x1 ./Core/Src/main.o
                0x20000056                distance_ready_b
 *fill*         0x20000057        0x1 
 .bss.distance_cm_b
                0x20000058        0x4 ./Core/Src/main.o
                0x20000058                distance_cm_b
 .bss.trig_rise_b
                0x2000005c        0x1 ./Core/Src/main.o
                0x2000005c                trig_rise_b
 *fill*         0x2000005d        0x3 
 .bss.trig_end_b
                0x20000060        0x4 ./Core/Src/main.o
                0x20000060                trig_end_b
 .bss.trig_start_b
                0x20000064        0x4 ./Core/Src/main.o
                0x20000064                trig_start_b
 .bss.t_rise_b  0x20000068        0x4 ./Core/Src/main.o
                0x20000068                t_rise_b
 .bss.t_fall_b  0x2000006c        0x4 ./Core/Src/main.o
                0x2000006c                t_fall_b
 .bss.echo_width_b
                0x20000070        0x4 ./Core/Src/main.o
                0x20000070                echo_width_b
 .bss.scan_step
                0x20000074        0x1 ./Core/Src/main.o
                0x20000074                scan_step
 *fill*         0x20000075        0x1 
 .bss.scan_L    0x20000076        0x2 ./Core/Src/main.o
                0x20000076                scan_L
 .bss.scan_R    0x20000078        0x2 ./Core/Src/main.o
                0x20000078                scan_R
 .bss.scan_C    0x2000007a        0x2 ./Core/Src/main.o
                0x2000007a                scan_C
 .bss.sweep_dir
                0x2000007c        0x1 ./Core/Src/main.o
                0x2000007c                sweep_dir
 *fill*         0x2000007d        0x3 
 .bss.dust_vol  0x20000080        0x4 ./Core/Src/main.o
                0x20000080                dust_vol
 .bss.dust_ug   0x20000084        0x4 ./Core/Src/main.o
                0x20000084                dust_ug
 .bss.dust_state
                0x20000088        0x1 ./Core/Src/main.o
                0x20000088                dust_state
 *fill*         0x20000089        0x3 
 .bss.dust_start
                0x2000008c        0x4 ./Core/Src/main.o
                0x2000008c                dust_start
 .bss.dust_adc  0x20000090        0x4 ./Core/Src/main.o
                0x20000090                dust_adc
 .bss.dust_10msec
                0x20000094        0x4 ./Core/Src/main.o
                0x20000094                dust_10msec
 .bss.dust_flag
                0x20000098        0x1 ./Core/Src/main.o
                0x20000098                dust_flag
 *fill*         0x20000099        0x1 
 .bss.sec_count
                0x2000009a        0x2 ./Core/Src/main.o
                0x2000009a                sec_count
 .bss.pwm_10msec
                0x2000009c        0x2 ./Core/Src/main.o
                0x2000009c                pwm_10msec
 *fill*         0x2000009e        0x2 
 .bss.start_block
                0x200000a0        0x4 ./Core/Src/main.o
                0x200000a0                start_block
 .bss.charge_block
                0x200000a4        0x4 ./Core/Src/main.o
                0x200000a4                charge_block
 .bss.echo_10msec
                0x200000a8        0x4 ./Core/Src/main.o
                0x200000a8                echo_10msec
 .bss.ir_10msec
                0x200000ac        0x4 ./Core/Src/main.o
                0x200000ac                ir_10msec
 .bss.adc_time  0x200000b0        0x4 ./Core/Src/main.o
                0x200000b0                adc_time
 .bss.best_time
                0x200000b4        0x4 ./Core/Src/main.o
                0x200000b4                best_time
 .bss.old_adc   0x200000b8        0x4 ./Core/Src/main.o
                0x200000b8                old_adc
 .bss.new_adc   0x200000bc        0x4 ./Core/Src/main.o
                0x200000bc                new_adc
 .bss.best_adc  0x200000c0        0x4 ./Core/Src/main.o
                0x200000c0                best_adc
 .bss.charge_state
                0x200000c4        0x1 ./Core/Src/main.o
                0x200000c4                charge_state
 *fill*         0x200000c5        0x3 
 .bss.vol       0x200000c8        0x4 ./Core/Src/main.o
                0x200000c8                vol
 .bss.docking_count
                0x200000cc        0x1 ./Core/Src/main.o
                0x200000cc                docking_count
 *fill*         0x200000cd        0x3 
 .bss.count     0x200000d0        0x4 ./Core/Src/main.o
                0x200000d0                count
 .bss.hadc1     0x200000d4       0x48 ./Core/Src/main.o
                0x200000d4                hadc1
 .bss.htim1     0x2000011c       0x48 ./Core/Src/main.o
                0x2000011c                htim1
 .bss.htim2     0x20000164       0x48 ./Core/Src/main.o
                0x20000164                htim2
 .bss.htim3     0x200001ac       0x48 ./Core/Src/main.o
                0x200001ac                htim3
 .bss.charge_flag.1
                0x200001f4        0x1 ./Core/Src/main.o
 .bss.fail_count.0
                0x200001f5        0x1 ./Core/Src/main.o
 *fill*         0x200001f6        0x2 
 .bss.uwTick    0x200001f8        0x4 ./Drivers/STM32F4xx_HAL_Driver/Src/stm32f4xx_hal.o
                0x200001f8                uwTick
 *(COMMON)
                0x200001fc                        . = ALIGN (0x4)
                0x200001fc                        _ebss = .
                0x200001fc                        __bss_end__ = _ebss

._user_heap_stack
                0x200001fc      0x604 load address 0x0800560c
                0x20000200                        . = ALIGN (0x8)
 *fill*         0x200001fc        0x4 
                [!provide]                        PROVIDE (end = .)
                0x20000200                        PROVIDE (_end = .)
                0x20000400                        . = (. + _Min_Heap_Size)
 *fill*         0x20000200      0x200 
                0x20000800                        . = (. + _Min_Stack_Size)
 *fill*         0x20000400      0x400 
                0x20000800                        . = ALIGN (0x8)

/DISCARD/
 libc.a(*)
 libm.a(*)
 libgcc.a(*)

.ARM.attributes
                0x00000000       0x30
 *(.ARM.attributes)
 .ARM.attributes
                0x00000000       0x22 C:/ST/STM32CubeIDE_1.17.0/STM32CubeIDE/plugins/com.st.stm32cube.ide.mcu.externaltools.gnu-tools-for-stm32.12.3.rel1.win32_1.1.0.202410251130/tools/bin/../lib/gcc/arm-none-eabi/12.3.1/thumb/v7e-m+fp/hard/crti.o
 .ARM.attributes
                0x00000022       0x34 C:/ST/STM32CubeIDE_1.17.0/STM32CubeIDE/plugins/com.st.stm32cube.ide.mcu.externaltools.gnu-tools-for-stm32.12.3.rel1.win32_1.1.0.202410251130/tools/bin/../lib/gcc/arm-none-eabi/12.3.1/thumb/v7e-m+fp/hard/crtbegin.o
 .ARM.attributes
                0x00000056       0x34 ./Core/Src/main.o
 .ARM.attributes
                0x0000008a       0x34 ./Core/Src/stm32f4xx_hal_msp.o
 .ARM.attributes
                0x000000be       0x34 ./Core/Src/stm32f4xx_it.o
 .ARM.attributes
                0x000000f2       0x34 ./Core/Src/system_stm32f4xx.o
 .ARM.attributes
                0x00000126       0x21 ./Core/Startup/startup_stm32f411ceux.o
 .ARM.attributes
                0x00000147       0x34 ./Drivers/STM32F4xx_HAL_Driver/Src/stm32f4xx_hal.o
 .ARM.attributes
                0x0000017b       0x34 ./Drivers/STM32F4xx_HAL_Driver/Src/stm32f4xx_hal_adc.o
 .ARM.attributes
                0x000001af       0x34 ./Drivers/STM32F4xx_HAL_Driver/Src/stm32f4xx_hal_adc_ex.o
 .ARM.attributes
                0x000001e3       0x34 ./Drivers/STM32F4xx_HAL_Driver/Src/stm32f4xx_hal_cortex.o
 .ARM.attributes
                0x00000217       0x34 ./Drivers/STM32F4xx_HAL_Driver/Src/stm32f4xx_hal_gpio.o
 .ARM.attributes
                0x0000024b       0x34 ./Drivers/STM32F4xx_HAL_Driver/Src/stm32f4xx_hal_rcc.o
 .ARM.attributes
                0x0000027f       0x34 ./Drivers/STM32F4xx_HAL_Driver/Src/stm32f4xx_hal_tim.o
 .ARM.attributes
                0x000002b3       0x34 ./Drivers/STM32F4xx_HAL_Driver/Src/stm32f4xx_hal_tim_ex.o
 .ARM.attributes
                0x000002e7       0x34 C:/ST/STM32CubeIDE_1.17.0/STM32CubeIDE/plugins/com.st.stm32cube.ide.mcu.externaltools.gnu-tools-for-stm32.12.3.rel1.win32_1.1.0.202410251130/tools/bin/../lib/gcc/arm-none-eabi/12.3.1/../../../../arm-none-eabi/lib/thumb/v7e-m+fp/hard\libc_nano.a(libc_a-memset.o)
 .ARM.attributes
                0x0000031b       0x34 C:/ST/STM32CubeIDE_1.17.0/STM32CubeIDE/plugins/com.st.stm32cube.ide.mcu.externaltools.gnu-tools-for-stm32.12.3.rel1.win32_1.1.0.202410251130/tools/bin/../lib/gcc/arm-none-eabi/12.3.1/../../../../arm-none-eabi/lib/thumb/v7e-m+fp/hard\libc_nano.a(libc_a-init.o)
 .ARM.attributes
                0x0000034f       0x22 C:/ST/STM32CubeIDE_1.17.0/STM32CubeIDE/plugins/com.st.stm32cube.ide.mcu.externaltools.gnu-tools-for-stm32.12.3.rel1.win32_1.1.0.202410251130/tools/bin/../lib/gcc/arm-none-eabi/12.3.1/thumb/v7e-m+fp/hard\libgcc.a(_arm_addsubdf3.o)
 .ARM.attributes
                0x00000371       0x22 C:/ST/STM32CubeIDE_1.17.0/STM32CubeIDE/plugins/com.st.stm32cube.ide.mcu.externaltools.gnu-tools-for-stm32.12.3.rel1.win32_1.1.0.202410251130/tools/bin/../lib/gcc/arm-none-eabi/12.3.1/thumb/v7e-m+fp/hard\libgcc.a(_arm_muldivdf3.o)
 .ARM.attributes
                0x00000393       0x22 C:/ST/STM32CubeIDE_1.17.0/STM32CubeIDE/plugins/com.st.stm32cube.ide.mcu.externaltools.gnu-tools-for-stm32.12.3.rel1.win32_1.1.0.202410251130/tools/bin/../lib/gcc/arm-none-eabi/12.3.1/thumb/v7e-m+fp/hard\libgcc.a(_arm_truncdfsf2.o)
 .ARM.attributes
                0x000003b5       0x22 C:/ST/STM32CubeIDE_1.17.0/STM32CubeIDE/plugins/com.st.stm32cube.ide.mcu.externaltools.gnu-tools-for-stm32.12.3.rel1.win32_1.1.0.202410251130/tools/bin/../lib/gcc/arm-none-eabi/12.3.1/thumb/v7e-m+fp/hard\libgcc.a(_aeabi_uldivmod.o)
 .ARM.attributes
                0x000003d7       0x34 C:/ST/STM32CubeIDE_1.17.0/STM32CubeIDE/plugins/com.st.stm32cube.ide.mcu.externaltools.gnu-tools-for-stm32.12.3.rel1.win32_1.1.0.202410251130/tools/bin/../lib/gcc/arm-none-eabi/12.3.1/thumb/v7e-m+fp/hard\libgcc.a(_udivmoddi4.o)
 .ARM.attributes
                0x0000040b       0x22 C:/ST/STM32CubeIDE_1.17.0/STM32CubeIDE/plugins/com.st.stm32cube.ide.mcu.externaltools.gnu-tools-for-stm32.12.3.rel1.win32_1.1.0.202410251130/tools/bin/../lib/gcc/arm-none-eabi/12.3.1/thumb/v7e-m+fp/hard\libgcc.a(_dvmd_tls.o)
 .ARM.attributes
                0x0000042d       0x22 C:/ST/STM32CubeIDE_1.17.0/STM32CubeIDE/plugins/com.st.stm32cube.ide.mcu.externaltools.gnu-tools-for-stm32.12.3.rel1.win32_1.1.0.202410251130/tools/bin/../lib/gcc/arm-none-eabi/12.3.1/thumb/v7e-m+fp/hard/crtn.o
OUTPUT(CRASH_TEST_F.elf elf32-littlearm)
LOAD linker stubs
LOAD C:/ST/STM32CubeIDE_1.17.0/STM32CubeIDE/plugins/com.st.stm32cube.ide.mcu.externaltools.gnu-tools-for-stm32.12.3.rel1.win32_1.1.0.202410251130/tools/bin/../lib/gcc/arm-none-eabi/12.3.1/../../../../arm-none-eabi/lib/thumb/v7e-m+fp/hard\libc.a
LOAD C:/ST/STM32CubeIDE_1.17.0/STM32CubeIDE/plugins/com.st.stm32cube.ide.mcu.externaltools.gnu-tools-for-stm32.12.3.rel1.win32_1.1.0.202410251130/tools/bin/../lib/gcc/arm-none-eabi/12.3.1/../../../../arm-none-eabi/lib/thumb/v7e-m+fp/hard\libm.a
LOAD C:/ST/STM32CubeIDE_1.17.0/STM32CubeIDE/plugins/com.st.stm32cube.ide.mcu.externaltools.gnu-tools-for-stm32.12.3.rel1.win32_1.1.0.202410251130/tools/bin/../lib/gcc/arm-none-eabi/12.3.1/thumb/v7e-m+fp/hard\libgcc.a

.debug_info     0x00000000     0xb67f
 .debug_info    0x00000000     0x1b68 ./Core/Src/main.o
 .debug_info    0x00001b68      0xf74 ./Core/Src/stm32f4xx_hal_msp.o
 .debug_info    0x00002adc      0x9c9 ./Core/Src/stm32f4xx_it.o
 .debug_info    0x000034a5      0x53e ./Core/Src/system_stm32f4xx.o
 .debug_info    0x000039e3       0x30 ./Core/Startup/startup_stm32f411ceux.o
 .debug_info    0x00003a13      0x8c4 ./Drivers/STM32F4xx_HAL_Driver/Src/stm32f4xx_hal.o
 .debug_info    0x000042d7      0xce0 ./Drivers/STM32F4xx_HAL_Driver/Src/stm32f4xx_hal_adc.o
 .debug_info    0x00004fb7      0xb65 ./Drivers/STM32F4xx_HAL_Driver/Src/stm32f4xx_hal_adc_ex.o
 .debug_info    0x00005b1c      0xcfc ./Drivers/STM32F4xx_HAL_Driver/Src/stm32f4xx_hal_cortex.o
 .debug_info    0x00006818      0x6f9 ./Drivers/STM32F4xx_HAL_Driver/Src/stm32f4xx_hal_gpio.o
 .debug_info    0x00006f11      0x904 ./Drivers/STM32F4xx_HAL_Driver/Src/stm32f4xx_hal_rcc.o
 .debug_info    0x00007815     0x2996 ./Drivers/STM32F4xx_HAL_Driver/Src/stm32f4xx_hal_tim.o
 .debug_info    0x0000a1ab     0x14d4 ./Drivers/STM32F4xx_HAL_Driver/Src/stm32f4xx_hal_tim_ex.o

.debug_abbrev   0x00000000     0x1b71
 .debug_abbrev  0x00000000      0x339 ./Core/Src/main.o
 .debug_abbrev  0x00000339      0x1d6 ./Core/Src/stm32f4xx_hal_msp.o
 .debug_abbrev  0x0000050f      0x1d8 ./Core/Src/stm32f4xx_it.o
 .debug_abbrev  0x000006e7      0x11a ./Core/Src/system_stm32f4xx.o
 .debug_abbrev  0x00000801       0x24 ./Core/Startup/startup_stm32f411ceux.o
 .debug_abbrev  0x00000825      0x24b ./Drivers/STM32F4xx_HAL_Driver/Src/stm32f4xx_hal.o
 .debug_abbrev  0x00000a70      0x20e ./Drivers/STM32F4xx_HAL_Driver/Src/stm32f4xx_hal_adc.o
 .debug_abbrev  0x00000c7e      0x22c ./Drivers/STM32F4xx_HAL_Driver/Src/stm32f4xx_hal_adc_ex.o
 .debug_abbrev  0x00000eaa      0x31d ./Drivers/STM32F4xx_HAL_Driver/Src/stm32f4xx_hal_cortex.o
 .debug_abbrev  0x000011c7      0x1d3 ./Drivers/STM32F4xx_HAL_Driver/Src/stm32f4xx_hal_gpio.o
 .debug_abbrev  0x0000139a      0x2b6 ./Drivers/STM32F4xx_HAL_Driver/Src/stm32f4xx_hal_rcc.o
 .debug_abbrev  0x00001650      0x28b ./Drivers/STM32F4xx_HAL_Driver/Src/stm32f4xx_hal_tim.o
 .debug_abbrev  0x000018db      0x296 ./Drivers/STM32F4xx_HAL_Driver/Src/stm32f4xx_hal_tim_ex.o

.debug_aranges  0x00000000      0xbd0
 .debug_aranges
                0x00000000       0xf8 ./Core/Src/main.o
 .debug_aranges
                0x000000f8       0x48 ./Core/Src/stm32f4xx_hal_msp.o
 .debug_aranges
                0x00000140       0x90 ./Core/Src/stm32f4xx_it.o
 .debug_aranges
                0x000001d0       0x28 ./Core/Src/system_stm32f4xx.o
 .debug_aranges
                0x000001f8       0x28 ./Core/Startup/startup_stm32f411ceux.o
 .debug_aranges
                0x00000220       0xf0 ./Drivers/STM32F4xx_HAL_Driver/Src/stm32f4xx_hal.o
 .debug_aranges
                0x00000310       0xe8 ./Drivers/STM32F4xx_HAL_Driver/Src/stm32f4xx_hal_adc.o
 .debug_aranges
                0x000003f8       0x90 ./Drivers/STM32F4xx_HAL_Driver/Src/stm32f4xx_hal_adc_ex.o
 .debug_aranges
                0x00000488      0x130 ./Drivers/STM32F4xx_HAL_Driver/Src/stm32f4xx_hal_cortex.o
 .debug_aranges
                0x000005b8       0x58 ./Drivers/STM32F4xx_HAL_Driver/Src/stm32f4xx_hal_gpio.o
 .debug_aranges
                0x00000610       0x88 ./Drivers/STM32F4xx_HAL_Driver/Src/stm32f4xx_hal_rcc.o
 .debug_aranges
                0x00000698      0x3d0 ./Drivers/STM32F4xx_HAL_Driver/Src/stm32f4xx_hal_tim.o
 .debug_aranges
                0x00000a68      0x168 ./Drivers/STM32F4xx_HAL_Driver/Src/stm32f4xx_hal_tim_ex.o

.debug_rnglists
                0x00000000      0x932
 .debug_rnglists
                0x00000000       0xcb ./Core/Src/main.o
 .debug_rnglists
                0x000000cb       0x34 ./Core/Src/stm32f4xx_hal_msp.o
 .debug_rnglists
                0x000000ff       0x67 ./Core/Src/stm32f4xx_it.o
 .debug_rnglists
                0x00000166       0x1a ./Core/Src/system_stm32f4xx.o
 .debug_rnglists
                0x00000180       0x19 ./Core/Startup/startup_stm32f411ceux.o
 .debug_rnglists
                0x00000199       0xaf ./Drivers/STM32F4xx_HAL_Driver/Src/stm32f4xx_hal.o
 .debug_rnglists
                0x00000248       0xb5 ./Drivers/STM32F4xx_HAL_Driver/Src/stm32f4xx_hal_adc.o
 .debug_rnglists
                0x000002fd       0x71 ./Drivers/STM32F4xx_HAL_Driver/Src/stm32f4xx_hal_adc_ex.o
 .debug_rnglists
                0x0000036e       0xe0 ./Drivers/STM32F4xx_HAL_Driver/Src/stm32f4xx_hal_cortex.o
 .debug_rnglists
                0x0000044e       0x3f ./Drivers/STM32F4xx_HAL_Driver/Src/stm32f4xx_hal_gpio.o
 .debug_rnglists
                0x0000048d       0x66 ./Drivers/STM32F4xx_HAL_Driver/Src/stm32f4xx_hal_rcc.o
 .debug_rnglists
                0x000004f3      0x31a ./Drivers/STM32F4xx_HAL_Driver/Src/stm32f4xx_hal_tim.o
 .debug_rnglists
                0x0000080d      0x125 ./Drivers/STM32F4xx_HAL_Driver/Src/stm32f4xx_hal_tim_ex.o

.debug_macro    0x00000000    0x166ff
 .debug_macro   0x00000000      0x209 ./Core/Src/main.o
 .debug_macro   0x00000209      0xab4 ./Core/Src/main.o
 .debug_macro   0x00000cbd      0x29b ./Core/Src/main.o
 .debug_macro   0x00000f58       0x2e ./Core/Src/main.o
 .debug_macro   0x00000f86       0x28 ./Core/Src/main.o
 .debug_macro   0x00000fae       0x22 ./Core/Src/main.o
 .debug_macro   0x00000fd0       0x8e ./Core/Src/main.o
 .debug_macro   0x0000105e       0x51 ./Core/Src/main.o
 .debug_macro   0x000010af      0x103 ./Core/Src/main.o
 .debug_macro   0x000011b2       0x6a ./Core/Src/main.o
 .debug_macro   0x0000121c      0x1df ./Core/Src/main.o
 .debug_macro   0x000013fb       0x1c ./Core/Src/main.o
 .debug_macro   0x00001417       0x22 ./Core/Src/main.o
 .debug_macro   0x00001439       0xfb ./Core/Src/main.o
 .debug_macro   0x00001534     0x1011 ./Core/Src/main.o
 .debug_macro   0x00002545      0x11f ./Core/Src/main.o
 .debug_macro   0x00002664     0xb968 ./Core/Src/main.o
 .debug_macro   0x0000dfcc       0x6d ./Core/Src/main.o
 .debug_macro   0x0000e039     0x3693 ./Core/Src/main.o
 .debug_macro   0x000116cc      0x189 ./Core/Src/main.o
 .debug_macro   0x00011855       0x5c ./Core/Src/main.o
 .debug_macro   0x000118b1      0x45c ./Core/Src/main.o
 .debug_macro   0x00011d0d      0x9e9 ./Core/Src/main.o
 .debug_macro   0x000126f6      0x115 ./Core/Src/main.o
 .debug_macro   0x0001280b      0x11b ./Core/Src/main.o
 .debug_macro   0x00012926       0xa5 ./Core/Src/main.o
 .debug_macro   0x000129cb      0x15f ./Core/Src/main.o
 .debug_macro   0x00012b2a      0x287 ./Core/Src/main.o
 .debug_macro   0x00012db1       0x5f ./Core/Src/main.o
 .debug_macro   0x00012e10      0x236 ./Core/Src/main.o
 .debug_macro   0x00013046      0x9e1 ./Core/Src/main.o
 .debug_macro   0x00013a27      0x38b ./Core/Src/main.o
 .debug_macro   0x00013db2      0x17d ./Core/Src/main.o
 .debug_macro   0x00013f2f       0xf9 ./Core/Src/main.o
 .debug_macro   0x00014028      0x132 ./Core/Src/main.o
 .debug_macro   0x0001415a      0x264 ./Core/Src/main.o
 .debug_macro   0x000143be       0x2e ./Core/Src/main.o
 .debug_macro   0x000143ec      0x127 ./Core/Src/main.o
 .debug_macro   0x00014513       0x85 ./Core/Src/main.o
 .debug_macro   0x00014598       0x89 ./Core/Src/main.o
 .debug_macro   0x00014621      0x8ed ./Core/Src/main.o
 .debug_macro   0x00014f0e       0x47 ./Core/Src/main.o
 .debug_macro   0x00014f55      0x126 ./Core/Src/main.o
 .debug_macro   0x0001507b       0xac ./Core/Src/main.o
 .debug_macro   0x00015127      0x1fb ./Core/Src/stm32f4xx_hal_msp.o
 .debug_macro   0x00015322      0x205 ./Core/Src/stm32f4xx_it.o
 .debug_macro   0x00015527      0x1ec ./Core/Src/system_stm32f4xx.o
 .debug_macro   0x00015713      0x24c ./Drivers/STM32F4xx_HAL_Driver/Src/stm32f4xx_hal.o
 .debug_macro   0x0001595f      0x1ed ./Drivers/STM32F4xx_HAL_Driver/Src/stm32f4xx_hal_adc.o
 .debug_macro   0x00015b4c      0x1ec ./Drivers/STM32F4xx_HAL_Driver/Src/stm32f4xx_hal_adc_ex.o
 .debug_macro   0x00015d38      0x1ec ./Drivers/STM32F4xx_HAL_Driver/Src/stm32f4xx_hal_cortex.o
 .debug_macro   0x00015f24      0x1f2 ./Drivers/STM32F4xx_HAL_Driver/Src/stm32f4xx_hal_gpio.o
 .debug_macro   0x00016116      0x210 ./Drivers/STM32F4xx_HAL_Driver/Src/stm32f4xx_hal_rcc.o
 .debug_macro   0x00016326      0x1ed ./Drivers/STM32F4xx_HAL_Driver/Src/stm32f4xx_hal_tim.o
 .debug_macro   0x00016513      0x1ec ./Drivers/STM32F4xx_HAL_Driver/Src/stm32f4xx_hal_tim_ex.o

.debug_line     0x00000000     0xd1cc
 .debug_line    0x00000000     0x1561 ./Core/Src/main.o
 .debug_line    0x00001561      0x88a ./Core/Src/stm32f4xx_hal_msp.o
 .debug_line    0x00001deb      0x8c8 ./Core/Src/stm32f4xx_it.o
 .debug_line    0x000026b3      0x7eb ./Core/Src/system_stm32f4xx.o
 .debug_line    0x00002e9e       0x7a ./Core/Startup/startup_stm32f411ceux.o
 .debug_line    0x00002f18      0xa63 ./Drivers/STM32F4xx_HAL_Driver/Src/stm32f4xx_hal.o
 .debug_line    0x0000397b     0x122e ./Drivers/STM32F4xx_HAL_Driver/Src/stm32f4xx_hal_adc.o
 .debug_line    0x00004ba9      0xf62 ./Drivers/STM32F4xx_HAL_Driver/Src/stm32f4xx_hal_adc_ex.o
 .debug_line    0x00005b0b      0xd55 ./Drivers/STM32F4xx_HAL_Driver/Src/stm32f4xx_hal_cortex.o
 .debug_line    0x00006860      0xbb3 ./Drivers/STM32F4xx_HAL_Driver/Src/stm32f4xx_hal_gpio.o
 .debug_line    0x00007413      0xdec ./Drivers/STM32F4xx_HAL_Driver/Src/stm32f4xx_hal_rcc.o
 .debug_line    0x000081ff     0x35d9 ./Drivers/STM32F4xx_HAL_Driver/Src/stm32f4xx_hal_tim.o
 .debug_line    0x0000b7d8     0x19f4 ./Drivers/STM32F4xx_HAL_Driver/Src/stm32f4xx_hal_tim_ex.o

.debug_str      0x00000000    0x9440b
 .debug_str     0x00000000    0x91d9f ./Core/Src/main.o
                              0x921ba (size before relaxing)
 .debug_str     0x00091d9f       0xad ./Core/Src/stm32f4xx_hal_msp.o
                              0x91934 (size before relaxing)
 .debug_str     0x00091e4c      0x156 ./Core/Src/stm32f4xx_it.o
                              0x91486 (size before relaxing)
 .debug_str     0x00091fa2       0xdb ./Core/Src/system_stm32f4xx.o
                              0x90bae (size before relaxing)
 .debug_str     0x0009207d       0x81 ./Core/Startup/startup_stm32f411ceux.o
 .debug_str     0x000920fe      0x604 ./Drivers/STM32F4xx_HAL_Driver/Src/stm32f4xx_hal.o
                              0x915da (size before relaxing)
 .debug_str     0x00092702      0x285 ./Drivers/STM32F4xx_HAL_Driver/Src/stm32f4xx_hal_adc.o
                              0x91189 (size before relaxing)
 .debug_str     0x00092987      0x2df ./Drivers/STM32F4xx_HAL_Driver/Src/stm32f4xx_hal_adc_ex.o
                              0x911dd (size before relaxing)
 .debug_str     0x00092c66      0x370 ./Drivers/STM32F4xx_HAL_Driver/Src/stm32f4xx_hal_cortex.o
                              0x91344 (size before relaxing)
 .debug_str     0x00092fd6       0xd7 ./Drivers/STM32F4xx_HAL_Driver/Src/stm32f4xx_hal_gpio.o
                              0x90d29 (size before relaxing)
 .debug_str     0x000930ad      0x233 ./Drivers/STM32F4xx_HAL_Driver/Src/stm32f4xx_hal_rcc.o
                              0x90fe2 (size before relaxing)
 .debug_str     0x000932e0      0xd4a ./Drivers/STM32F4xx_HAL_Driver/Src/stm32f4xx_hal_tim.o
                              0x91f26 (size before relaxing)
 .debug_str     0x0009402a      0x3e1 ./Drivers/STM32F4xx_HAL_Driver/Src/stm32f4xx_hal_tim_ex.o
                              0x91732 (size before relaxing)

.comment        0x00000000       0x43
 .comment       0x00000000       0x43 ./Core/Src/main.o
                                 0x44 (size before relaxing)
 .comment       0x00000043       0x44 ./Core/Src/stm32f4xx_hal_msp.o
 .comment       0x00000043       0x44 ./Core/Src/stm32f4xx_it.o
 .comment       0x00000043       0x44 ./Core/Src/system_stm32f4xx.o
 .comment       0x00000043       0x44 ./Drivers/STM32F4xx_HAL_Driver/Src/stm32f4xx_hal.o
 .comment       0x00000043       0x44 ./Drivers/STM32F4xx_HAL_Driver/Src/stm32f4xx_hal_adc.o
 .comment       0x00000043       0x44 ./Drivers/STM32F4xx_HAL_Driver/Src/stm32f4xx_hal_adc_ex.o
 .comment       0x00000043       0x44 ./Drivers/STM32F4xx_HAL_Driver/Src/stm32f4xx_hal_cortex.o
 .comment       0x00000043       0x44 ./Drivers/STM32F4xx_HAL_Driver/Src/stm32f4xx_hal_gpio.o
 .comment       0x00000043       0x44 ./Drivers/STM32F4xx_HAL_Driver/Src/stm32f4xx_hal_rcc.o
 .comment       0x00000043       0x44 ./Drivers/STM32F4xx_HAL_Driver/Src/stm32f4xx_hal_tim.o
 .comment       0x00000043       0x44 ./Drivers/STM32F4xx_HAL_Driver/Src/stm32f4xx_hal_tim_ex.o

.debug_frame    0x00000000     0x3234
 .debug_frame   0x00000000      0x380 ./Core/Src/main.o
 .debug_frame   0x00000380       0xec ./Core/Src/stm32f4xx_hal_msp.o
 .debug_frame   0x0000046c      0x1ac ./Core/Src/stm32f4xx_it.o
 .debug_frame   0x00000618       0x58 ./Core/Src/system_stm32f4xx.o
 .debug_frame   0x00000670      0x374 ./Drivers/STM32F4xx_HAL_Driver/Src/stm32f4xx_hal.o
 .debug_frame   0x000009e4      0x3fc ./Drivers/STM32F4xx_HAL_Driver/Src/stm32f4xx_hal_adc.o
 .debug_frame   0x00000de0      0x250 ./Drivers/STM32F4xx_HAL_Driver/Src/stm32f4xx_hal_adc_ex.o
 .debug_frame   0x00001030      0x508 ./Drivers/STM32F4xx_HAL_Driver/Src/stm32f4xx_hal_cortex.o
 .debug_frame   0x00001538      0x14c ./Drivers/STM32F4xx_HAL_Driver/Src/stm32f4xx_hal_gpio.o
 .debug_frame   0x00001684      0x1f4 ./Drivers/STM32F4xx_HAL_Driver/Src/stm32f4xx_hal_rcc.o
 .debug_frame   0x00001878     0x11b8 ./Drivers/STM32F4xx_HAL_Driver/Src/stm32f4xx_hal_tim.o
 .debug_frame   0x00002a30      0x638 ./Drivers/STM32F4xx_HAL_Driver/Src/stm32f4xx_hal_tim_ex.o
 .debug_frame   0x00003068       0x20 C:/ST/STM32CubeIDE_1.17.0/STM32CubeIDE/plugins/com.st.stm32cube.ide.mcu.externaltools.gnu-tools-for-stm32.12.3.rel1.win32_1.1.0.202410251130/tools/bin/../lib/gcc/arm-none-eabi/12.3.1/../../../../arm-none-eabi/lib/thumb/v7e-m+fp/hard\libc_nano.a(libc_a-memset.o)
 .debug_frame   0x00003088       0x2c C:/ST/STM32CubeIDE_1.17.0/STM32CubeIDE/plugins/com.st.stm32cube.ide.mcu.externaltools.gnu-tools-for-stm32.12.3.rel1.win32_1.1.0.202410251130/tools/bin/../lib/gcc/arm-none-eabi/12.3.1/../../../../arm-none-eabi/lib/thumb/v7e-m+fp/hard\libc_nano.a(libc_a-init.o)
 .debug_frame   0x000030b4       0xac C:/ST/STM32CubeIDE_1.17.0/STM32CubeIDE/plugins/com.st.stm32cube.ide.mcu.externaltools.gnu-tools-for-stm32.12.3.rel1.win32_1.1.0.202410251130/tools/bin/../lib/gcc/arm-none-eabi/12.3.1/thumb/v7e-m+fp/hard\libgcc.a(_arm_addsubdf3.o)
 .debug_frame   0x00003160       0x50 C:/ST/STM32CubeIDE_1.17.0/STM32CubeIDE/plugins/com.st.stm32cube.ide.mcu.externaltools.gnu-tools-for-stm32.12.3.rel1.win32_1.1.0.202410251130/tools/bin/../lib/gcc/arm-none-eabi/12.3.1/thumb/v7e-m+fp/hard\libgcc.a(_arm_muldivdf3.o)
 .debug_frame   0x000031b0       0x24 C:/ST/STM32CubeIDE_1.17.0/STM32CubeIDE/plugins/com.st.stm32cube.ide.mcu.externaltools.gnu-tools-for-stm32.12.3.rel1.win32_1.1.0.202410251130/tools/bin/../lib/gcc/arm-none-eabi/12.3.1/thumb/v7e-m+fp/hard\libgcc.a(_arm_truncdfsf2.o)
 .debug_frame   0x000031d4       0x2c C:/ST/STM32CubeIDE_1.17.0/STM32CubeIDE/plugins/com.st.stm32cube.ide.mcu.externaltools.gnu-tools-for-stm32.12.3.rel1.win32_1.1.0.202410251130/tools/bin/../lib/gcc/arm-none-eabi/12.3.1/thumb/v7e-m+fp/hard\libgcc.a(_aeabi_uldivmod.o)
 .debug_frame   0x00003200       0x34 C:/ST/STM32CubeIDE_1.17.0/STM32CubeIDE/plugins/com.st.stm32cube.ide.mcu.externaltools.gnu-tools-for-stm32.12.3.rel1.win32_1.1.0.202410251130/tools/bin/../lib/gcc/arm-none-eabi/12.3.1/thumb/v7e-m+fp/hard\libgcc.a(_udivmoddi4.o)

.debug_line_str
                0x00000000       0x65
 .debug_line_str
                0x00000000       0x65 ./Core/Startup/startup_stm32f411ceux.o
